am@geekom-linux:~/onedrive_downloads$ rclone copy "OneDrive:Arq Backup Data/93F1AF98-1DA2-4FC6-8AA1-F32F1515AAA9" "./93F1AF98-1DA2-4FC6-8AA1-F32F1515AAA9" --progress
2026/08/26 12:09:19 ERROR : objects2/81/4477b76578803760d708306ebe440851b9e23d: Failed to copy: failed to open source object: invalidRequest: The provided drive id appears to be malformed, or does not represent a valid drive.
2026/08/26 16:50:58 ERROR : UnknownError: : upload chunks may be taking too long - try reducing --onedrive-chunk-size or decreasing --transfers
2026/08/26 18:35:00 ERROR : objects2/ab/85bd6cb71ef53735e88a74de3ba8d7097cb058: Failed to copy: failed to open source object: InvalidAuthenticationToken: IDX14100: JWT is not well formed, there are no dots (.).
The token needs to be in JWS or JWE Compact Serialization Format. (JWS): 'EncodedHeader.EncodedPayload.EncodedSignature'. (JWE): 'EncodedProtectedHeader.EncodedEncryptedKey.EncodedInitializationVector.EncodedCiphertext.EncodedAuthenticationTag'.
thenticationTag'.
The token needs to be in JWS or JWE Compact Serialization Format. (JWS): 'EncodedHeader.EncodedPayload.EncodedSignature'. (JWE): 'EncodedProtectedHeader.EncodedEncryptedKey.EncodedInitializationVector.EncodedCiphertext.EncodedAuthenticationTag'.
2026/08/27 05:16:09 ERROR : Attempt 1/3 failed with 2 errors and: failed to open source object: InvalidAuthenticationToken: IDX14100: JWT is not well formed, there are no dots (.).
The token needs to be in JWS or JWE Compact Serialization Format. (JWS): 'EncodedHeader.EncodedPayload.EncodedSignature'. (JWE): 'EncodedProtectedHeader.EncodedEncryptedKey.EncodedInitializationVector.EncodedCiphertext.EncodedAuthenticationTag'.
2026/08/27 05:25:16 ERROR : Attempt 2/3 succeeded
Transferred:      373.446 GiB / 373.446 GiB, 100%, 1.085 MiB/s, ETA 0s
Checks:            353620 / 353620, 100%, Listed 1061767
Transferred:       353622 / 353622, 100%
Elapsed time:  1d13h34m31.7s
am@geekom-linux:~/onedrive_downloads$ tmux --help
tmux: unknown option -- -
usage: tmux [-2CDhlNuVv] [-c shell-command] [-f file] [-L socket-name]
            [-S socket-path] [-T features] [command [flags]]
am@geekom-linux:~/onedrive_downloads$ tmux detach
am@geekom-linux:~/onedrive_downloads$ rm ailearninglog.md
